[livewp.site/wp/md/clengo/index.html]
[backblue.gif]
[fade.gif]
[index.html]
[livewp.site/wp/md/clengo/wp-content/plugins/gt3-themes-core/dist/css/widgets/column552e.css]
[livewp.site/wp/md/clengo/comments/feed/index.html]
[livewp.site/wp/md/clengo/feed/index.html]
[livewp.site/wp/md/clengo/wp-content/plugins/gt3-themes-core/dist/css/widgets/gt3-core-counter552e.css]
[livewp.site/wp/md/clengo/wp-content/plugins/gt3-themes-core/dist/css/widgets/gt3-core-button552e.css]
[livewp.site/wp/md/clengo/wp-content/plugins/gt3-themes-core/dist/css/widgets/gt3-core-pricebox552e.css]
[livewp.site/wp/md/clengo/wp-content/plugins/gt3-themes-core/dist/css/slick552e.css]
[livewp.site/wp/md/clengo/wp-content/plugins/gt3-themes-core/dist/css/widgets/gt3-core-testimonials552e.css]
[livewp.site/wp/md/clengo/wp-content/plugins/gt3-themes-core/dist/css/widgets/gt3-core-portfolio552e.css]
[livewp.site/wp/md/clengo/wp-content/plugins/gt3-themes-core/dist/css/widgets/gt3-core-blog552e.css]
[livewp.site/wp/md/clengo/wp-includes/css/dist/block-library/style.min3781.css]
[livewp.site/wp/md/clengo/wp-content/plugins/woocommerce/packages/woocommerce-blocks/build/wc-blocks-vendors-stylead26.css]
[livewp.site/wp/md/clengo/wp-includes/css/classic-themes.min3781.css]
[livewp.site/wp/md/clengo/wp-content/plugins/woocommerce/packages/woocommerce-blocks/build/wc-blocks-stylead26.css]
[livewp.site/wp/md/clengo/wp-content/plugins/contact-form-7/includes/css/stylesf2b4.css]
[livewp.site/wp/md/clengo/wp-content/plugins/woocommerce/assets/css/woocommerce-layout5125.css]
[livewp.site/wp/md/clengo/wp-content/plugins/woocommerce/assets/css/woocommerce-smallscreen5125.css]
[livewp.site/wp/md/clengo/wp-content/plugins/woocommerce/assets/css/woocommerce5125.css]
[livewp.site/wp/md/clengo/wp-content/themes/clengo/woocommerce/css/woocommerce3781.css]
[livewp.site/wp/md/clengo/wp-content/plugins/gt3-themes-core/dist/css/animations552e.css]
[livewp.site/wp/md/clengo/wp-content/plugins/elementor/assets/lib/eicons/css/elementor-icons.minfc13.css]
[livewp.site/wp/md/clengo/wp-content/plugins/elementor/assets/css/frontend-legacy.mina1c3.css]
[livewp.site/wp/md/clengo/wp-content/plugins/elementor/assets/css/frontend.mina1c3.css]
[livewp.site/wp/md/clengo/wp-content/plugins/elementor/assets/lib/swiper/css/swiper.min48f5.css]
[livewp.site/wp/md/clengo/wp-content/uploads/sites/61/elementor/css/post-1500739b.css]
[livewp.site/wp/md/clengo/wp-content/plugins/elementor/assets/lib/font-awesome/css/all.mina1c3.css]
[livewp.site/wp/md/clengo/wp-content/plugins/elementor/assets/lib/font-awesome/css/v4-shims.mina1c3.css]
[livewp.site/wp/md/clengo/wp-content/uploads/sites/61/elementor/css/post-37739b.css]
[livewp.site/wp/md/clengo/wp-content/themes/clengo/style8daf.css]
[livewp.site/wp/md/clengo/wp-content/themes/clengo/fonts/theme-font/theme_icon3781.css]
[livewp.site/wp/md/clengo/wp-content/plugins/woocommerce/assets/css/select25125.css]
[livewp.site/wp/md/clengo/wp-content/themes/clengo/css/theme8daf.css]
[livewp.site/wp/md/clengo/wp-content/themes/clengo/css/base-elementor8daf.css]
[livewp.site/wp/md/clengo/wp-content/themes/clengo/css/photo_modules8daf.css]
[livewp.site/wp/md/clengo/wp-content/themes/clengo/css/responsive8daf.css]
[livewp.site/wp/md/clengo/wp-includes/js/jquery/jquery.min5aed.js]
[livewp.site/wp/md/clengo/wp-includes/js/jquery/jquery-migrate.min6b00.js]
[livewp.site/wp/md/clengo/wp-content/plugins/mailchimp/js/scrollTo0322.js]
[livewp.site/wp/md/clengo/wp-includes/js/jquery/jquery.form.minb2f9.js]
[livewp.site/wp/md/clengo/wp-content/plugins/mailchimp/js/mailchimp0322.js]
[livewp.site/wp/md/clengo/wp-includes/js/jquery/ui/core.min3f14.js]
[livewp.site/wp/md/clengo/wp-content/plugins/mailchimp/js/datepicker3781.js]
[livewp.site/wp/md/clengo/wp-content/plugins/revslider/public/assets/js/rbtools.min627e.js]
[livewp.site/wp/md/clengo/wp-content/plugins/revslider/public/assets/js/rs6.min627e.js]
[livewp.site/wp/md/clengo/wp-content/plugins/elementor/assets/lib/font-awesome/js/v4-shims.mina1c3.js]
[livewp.site/wp/md/clengo/wp-json/wp/v2/pages/37.json]
[livewp.site/wp/md/clengo/wp-json/index.html]
[livewp.site/wp/md/clengo/xmlrpc0db0.php]
[livewp.site/wp/md/clengo/wp-includes/wlwmanifest.xml]
[livewp.site/wp/md/clengo/wp-json/oembed/1.0/embed41bd.json]
[livewp.site/wp/md/clengo/wp-json/oembed/1.0/embedf693]
[livewp.site/wp/md/clengo/wp-content/uploads/sites/61/2019/04/logo_retina.png]
[livewp.site/wp/md/clengo/wp-content/uploads/sites/61/2019/04/sidebar-img.jpg]
[livewp.site/wp/md/clengo/portfolio/bathroom-cleaning/index.html]
[livewp.site/wp/md/clengo/portfolio/house-cleaning/index.html]
[livewp.site/wp/md/clengo/projects/index.html]
[livewp.site/wp/md/clengo/portfolio/cleaning-of-the-apartment/index.html]
[livewp.site/wp/md/clengo/wp-content/plugins/revslider/public/assets/assets/dummy.png]
[livewp.site/wp/md/clengo/about-us/index.html]
[livewp.site/wp/md/clengo/our-team/index.html]
[livewp.site/wp/md/clengo/typography/index.html]
[livewp.site/wp/md/clengo/our-services/index.html]
[livewp.site/wp/md/clengo/all-products/index.html]
[livewp.site/wp/md/clengo/product/mr-clean-liquid-multi-purpose-cleaner/index.html]
[livewp.site/wp/md/clengo/wp-content/uploads/sites/61/2019/04/icon_01.png]
[livewp.site/wp/md/clengo/fullwidth-blog/index.html]
[livewp.site/wp/md/clengo/blog-with-left-sidebar/index.html]
[livewp.site/wp/md/clengo/blog-with-right-sidebar/index.html]
[livewp.site/wp/md/clengo/blog-masonry/index.html]
[livewp.site/wp/md/clengo/2022/04/04/ensure-hygiene-at-the-office/index.html]
[livewp.site/wp/md/clengo/wp-content/uploads/sites/61/2019/04/icon_02.png]
[livewp.site/wp/md/clengo/2022/04/04/five-tips-for-spring-cleaning/index.html]
[livewp.site/wp/md/clengo/2022/04/04/quote-post/index.html]
[livewp.site/wp/md/clengo/contact-us/index.html]
[livewp.site/wp/md/clengo/contacts/index.html]
[livewp.site/wp/md/clengo/wp-content/uploads/sites/61/2019/04/icon_03.png]
[livewp.site/wp/md/clengo/wp-content/uploads/sites/61/2019/04/icon_04.png]
[livewp.site/wp/md/clengo/wp-content/uploads/sites/61/2019/04/icon_05.png]
[livewp.site/wp/md/clengo/wp-content/uploads/sites/61/2019/04/icon_06.png]
[livewp.site/wp/md/clengo/wp-content/uploads/sites/61/2019/04/woman.jpg]
[livewp.site/wp/md/clengo/wp-content/uploads/sites/61/2019/04/men-cleaning.jpg]
[livewp.site/wp/md/clengo/wp-content/uploads/sites/61/2019/04/icon_07.png]
[livewp.site/wp/md/clengo/wp-content/uploads/sites/61/2019/04/icon_08.png]
[livewp.site/wp/md/clengo/wp-content/uploads/sites/61/2019/04/icon_09.png]
[livewp.site/wp/md/clengo/wp-content/uploads/sites/61/2019/04/icon_10.png]
[livewp.site/wp/md/clengo/wp-content/uploads/sites/61/2019/04/woman-with-closes-1.jpg]
[livewp.site/wp/md/clengo/wp-content/uploads/sites/61/2019/04/Jennifer-Lee-160x160.jpg]
[livewp.site/wp/md/clengo/wp-content/uploads/sites/61/2019/04/Anna-Run.jpg-160x160.jpg]
[livewp.site/wp/md/clengo/wp-content/uploads/sites/61/2019/04/Five-Tips-For-Spring-Cleaning.jpg]
[livewp.site/wp/md/clengo/portfolio/window-cleaning/index.html]
[livewp.site/wp/md/clengo/wp-content/uploads/sites/61/2019/04/Provide-office-hygiene.jpg]
[livewp.site/wp/md/clengo/portfolio/cleaning-of-a-dwelling/index.html]
[livewp.site/wp/md/clengo/wp-content/uploads/sites/61/2019/04/Stainless-Steel-Cleaning.jpg]
[livewp.site/wp/md/clengo/portfolio/carpet-cleaning-2/index.html]
[livewp.site/wp/md/clengo/wp-content/uploads/sites/61/2019/04/partners_01.png]
[livewp.site/wp/md/clengo/wp-content/uploads/sites/61/2019/04/partners_02.png]
[livewp.site/wp/md/clengo/2022/04/04/stainless-steel-cleaning-repair/index.html]
[livewp.site/wp/md/clengo/wp-content/uploads/sites/61/2019/04/partners_03.png]
[livewp.site/wp/md/clengo/wp-content/uploads/sites/61/2019/04/partners_04.png]
[livewp.site/wp/md/clengo/wp-content/uploads/sites/61/2019/04/partners_05.png]
[livewp.site/wp/md/clengo/wp-content/uploads/sites/61/2019/04/logo_retina2.png]
[livewp.site/assets/toolbar/ewebot.jpg]
[livewp.site/assets/toolbar/odry.jpg]
[livewp.site/assets/toolbar/juris.jpg]
[livewp.site/assets/toolbar/oni.jpg]
[livewp.site/assets/toolbar/sirona.jpg]
[livewp.site/assets/toolbar/zpholio.jpg]
[livewp.site/assets/toolbar/zayne.jpg]
[livewp.site/assets/toolbar/zohar.jpg]
[livewp.site/assets/toolbar/gutenote.jpg]
[livewp.site/assets/toolbar/qudos.jpg]
[livewp.site/assets/toolbar/soho.jpg]
[livewp.site/assets/toolbar/surfy.jpg]
[livewp.site/assets/toolbar/oconnor.jpg]
[livewp.site/assets/toolbar/sunergy.jpg]
[livewp.site/assets/toolbar/browcraft.jpg]
[livewp.site/assets/toolbar/moone.jpg]
[livewp.site/assets/toolbar/optima.jpg]
[livewp.site/assets/toolbar/scrate.jpg]
[livewp.site/assets/toolbar/listingeasy.jpg]
[livewp.site/assets/toolbar/sohopro.jpg]
[livewp.site/assets/toolbar/wizestore.jpg]
[livewp.site/assets/toolbar/wizeedu.jpg]
[livewp.site/assets/toolbar/wizelaw.jpg]
[livewp.site/wp/md/clengo/wp-content/plugins/gt3-theme-tools-bar/assets/close.png]
[livewp.site/wp/md/clengo/wp-content/plugins/elementor/assets/lib/animations/animations.mina1c3.css]
[livewp.site/wp/md/clengo/wp-content/plugins/revslider/public/assets/css/rs6627e.css]
[livewp.site/wp/md/clengo/wp-content/plugins/gt3-themes-core/dist/js/coreaadf.js]
[livewp.site/wp/md/clengo/wp-content/plugins/gt3-themes-core/dist/js/widgets/columnaadf.js]
[livewp.site/wp/md/clengo/wp-content/plugins/contact-form-7/includes/swv/js/indexf2b4.js]
[livewp.site/wp/md/clengo/wp-content/plugins/contact-form-7/includes/js/indexf2b4.js]
[livewp.site/wp/md/clengo/wp-content/plugins/woocommerce/assets/js/jquery-blockui/jquery.blockUI.mina588.js]
[livewp.site/wp/md/clengo/wp-content/plugins/woocommerce/assets/js/frontend/add-to-cart.min5125.js]
[livewp.site/wp/md/clengo/wp-content/plugins/woocommerce/assets/js/js-cookie/js.cookie.min03f8.js]
[livewp.site/wp/md/clengo/wp-content/plugins/woocommerce/assets/js/frontend/woocommerce.min5125.js]
[livewp.site/wp/md/clengo/wp-includes/js/imagesloaded.mineda1.js]
[livewp.site/wp/md/clengo/wp-content/themes/clengo/woocommerce/js/theme-woo3781.js]
[livewp.site/wp/md/clengo/wp-content/themes/clengo/woocommerce/js/infinite-scroll.pkgd.min8d18.js]
[livewp.site/wp/md/clengo/wp-content/themes/clengo/js/jquery.appear.min3781.js]
[livewp.site/wp/md/clengo/wp-content/themes/clengo/js/jquery.cookie3781.js]
[livewp.site/wp/md/clengo/wp-content/themes/clengo/js/theme8daf.js]
[livewp.site/wp/md/clengo/wp-content/themes/clengo/js/jquery.event.swipe3781.js]
[livewp.site/wp/md/clengo/wp-content/plugins/woocommerce/assets/js/select2/select2.full.mina44f.js]
[livewp.site/wp/md/clengo/wp-content/plugins/gt3-themes-core/dist/js/widgets/gt3-core-counteraadf.js]
[livewp.site/wp/md/clengo/wp-content/plugins/gt3-themes-core/dist/js/widgets/gt3-core-buttonaadf.js]
[livewp.site/wp/md/clengo/wp-content/plugins/gt3-themes-core/dist/js/widgets/gt3-core-priceboxaadf.js]
[livewp.site/wp/md/clengo/wp-content/plugins/gt3-themes-core/dist/js/slickaadf.js]
[livewp.site/wp/md/clengo/wp-content/plugins/gt3-themes-core/dist/js/widgets/gt3-core-testimonialsaadf.js]
[livewp.site/wp/md/clengo/wp-content/plugins/gt3-themes-core/dist/js/isotopeaadf.js]
[livewp.site/wp/md/clengo/wp-content/plugins/gt3-themes-core/dist/js/widgets/gt3-core-portfolioaadf.js]
[livewp.site/wp/md/clengo/wp-content/plugins/gt3-themes-core/dist/js/widgets/gt3-core-blogaadf.js]
[livewp.site/wp/md/clengo/wp-includes/js/comment-reply.min3781.js]
[livewp.site/wp/md/clengo/wp-content/plugins/gt3-themes-core/core/elementor/assets/js/core-gridlist-woo609c.js]
[livewp.site/wp/md/clengo/wp-content/plugins/elementor/assets/js/webpack.runtime.mina1c3.js]
[livewp.site/wp/md/clengo/wp-content/plugins/elementor/assets/js/frontend-modules.mina1c3.js]
[livewp.site/wp/md/clengo/wp-content/plugins/elementor/assets/lib/waypoints/waypoints.min05da.js]
[livewp.site/wp/md/clengo/wp-content/plugins/elementor/assets/lib/swiper/swiper.min48f5.js]
[livewp.site/wp/md/clengo/wp-content/plugins/elementor/assets/lib/share-link/share-link.mina1c3.js]
[livewp.site/wp/md/clengo/wp-content/plugins/elementor/assets/lib/dialog/dialog.mind227.js]
[livewp.site/wp/md/clengo/wp-content/plugins/elementor/assets/js/frontend.mina1c3.js]
[livewp.site/wp/md/clengo/wp-content/plugins/elementor/assets/js/preloaded-modules.mina1c3.js]
[livewp.site/wp/md/clengo/wp-content/plugins/gt3-themes-core/core/elementor/assets/js/core-frontend609c.js]
[livewp.site/wp/md/clengo/index.html]
[livewp.site/wp/md/clengo/wp-content/plugins/gt3-themes-core/dist/css/widgets/column552e.css]
[livewp.site/wp/md/clengo/wp-content/plugins/gt3-themes-core/dist/css/widgets/gt3-core-counter552e.css]
[livewp.site/wp/md/clengo/wp-content/plugins/gt3-themes-core/dist/css/widgets/gt3-core-button552e.css]
[livewp.site/wp/md/clengo/wp-content/plugins/gt3-themes-core/dist/css/widgets/gt3-core-pricebox552e.css]
[livewp.site/wp/md/clengo/wp-content/plugins/gt3-themes-core/dist/css/slick552e.css]
[livewp.site/wp/md/clengo/wp-content/plugins/gt3-themes-core/dist/css/widgets/gt3-core-testimonials552e.css]
[livewp.site/wp/md/clengo/wp-content/plugins/gt3-themes-core/dist/css/widgets/gt3-core-portfolio552e.css]
[livewp.site/wp/md/clengo/wp-content/plugins/gt3-themes-core/dist/css/widgets/gt3-core-blog552e.css]
[livewp.site/wp/md/clengo/wp-includes/css/dist/block-library/style.min3781.css]
[livewp.site/wp/md/clengo/wp-content/plugins/woocommerce/packages/woocommerce-blocks/build/wc-blocks-vendors-stylead26.css]
[livewp.site/wp/md/clengo/wp-content/plugins/woocommerce/packages/woocommerce-blocks/build/wc-blocks-stylead26.css]
[livewp.site/wp/md/clengo/wp-includes/css/classic-themes.min3781.css]
[livewp.site/wp/md/clengo/wp-content/plugins/contact-form-7/includes/css/stylesf2b4.css]
[livewp.site/wp/md/clengo/wp-content/plugins/woocommerce/assets/css/woocommerce-layout5125.css]
[livewp.site/wp/md/clengo/wp-content/plugins/woocommerce/assets/css/woocommerce-smallscreen5125.css]
[livewp.site/wp/md/clengo/wp-content/plugins/woocommerce/assets/fonts/star.eot]
[livewp.site/wp/md/clengo/wp-content/plugins/woocommerce/assets/fonts/stard41d.eot]
[livewp.site/wp/md/clengo/wp-content/plugins/woocommerce/assets/fonts/star.woff]
[livewp.site/wp/md/clengo/wp-content/plugins/woocommerce/assets/fonts/star.ttf]
[livewp.site/wp/md/clengo/wp-content/plugins/woocommerce/assets/fonts/star.svg]
[livewp.site/wp/md/clengo/wp-content/plugins/woocommerce/assets/fonts/WooCommerce.eot]
[livewp.site/wp/md/clengo/wp-content/plugins/woocommerce/assets/fonts/WooCommerced41d.eot]
[livewp.site/wp/md/clengo/wp-content/plugins/woocommerce/assets/fonts/WooCommerce.woff]
[livewp.site/wp/md/clengo/wp-content/plugins/woocommerce/assets/fonts/WooCommerce.ttf]
[livewp.site/wp/md/clengo/wp-content/plugins/woocommerce/assets/fonts/WooCommerce.svg]
[livewp.site/wp/md/clengo/wp-content/plugins/woocommerce/assets/images/icons/loader.svg]
[livewp.site/wp/md/clengo/wp-content/plugins/woocommerce/assets/images/icons/credit-cards/visa.svg]
[livewp.site/wp/md/clengo/wp-content/plugins/woocommerce/assets/images/icons/credit-cards/mastercard.svg]
[livewp.site/wp/md/clengo/wp-content/plugins/woocommerce/assets/images/icons/credit-cards/laser.svg]
[livewp.site/wp/md/clengo/wp-content/plugins/woocommerce/assets/images/icons/credit-cards/diners.svg]
[livewp.site/wp/md/clengo/wp-content/plugins/woocommerce/assets/images/icons/credit-cards/maestro.svg]
[livewp.site/wp/md/clengo/wp-content/plugins/woocommerce/assets/images/icons/credit-cards/jcb.svg]
[livewp.site/wp/md/clengo/wp-content/plugins/woocommerce/assets/images/icons/credit-cards/amex.svg]
[livewp.site/wp/md/clengo/wp-content/plugins/woocommerce/assets/css/woocommerce5125.css]
[livewp.site/wp/md/clengo/wp-content/plugins/woocommerce/assets/images/icons/credit-cards/discover.svg]
[livewp.site/wp/md/clengo/wp-content/themes/clengo/img/preloader.gif]
[livewp.site/wp/md/clengo/wp-content/themes/clengo/img/close.png]
[livewp.site/wp/md/clengo/wp-content/themes/clengo/img/zoom.png]
[livewp.site/wp/md/clengo/wp-content/themes/clengo/woocommerce/css/woocommerce3781.css]
[livewp.site/wp/md/clengo/wp-content/plugins/gt3-themes-core/dist/css/animations552e.css]
[livewp.site/wp/md/clengo/wp-content/plugins/elementor/assets/lib/eicons/fonts/eiconsb732.eot]
[livewp.site/wp/md/clengo/wp-content/plugins/elementor/assets/lib/eicons/fonts/eiconsb732.woff2]
[livewp.site/wp/md/clengo/wp-content/plugins/elementor/assets/lib/eicons/fonts/eiconsb732.woff]
[livewp.site/wp/md/clengo/wp-content/plugins/elementor/assets/lib/eicons/fonts/eiconsb732.ttf]
[livewp.site/wp/md/clengo/wp-content/plugins/elementor/assets/lib/eicons/css/elementor-icons.minfc13.css]
[livewp.site/wp/md/clengo/wp-content/plugins/elementor/assets/css/frontend-legacy.mina1c3.css]
[livewp.site/wp/md/clengo/wp-content/plugins/elementor/assets/css/frontend.mina1c3.css]
[livewp.site/wp/md/clengo/wp-content/plugins/elementor/assets/lib/swiper/css/swiper.min48f5.css]
[livewp.site/wp/md/clengo/wp-content/uploads/sites/61/elementor/css/post-1500739b.css]
[livewp.site/wp/md/clengo/wp-content/plugins/elementor/assets/lib/eicons/fonts/eiconsb732.svg]
[livewp.site/wp/md/clengo/wp-content/plugins/elementor/assets/lib/font-awesome/webfonts/fa-brands-400.eot]
[livewp.site/wp/md/clengo/wp-content/plugins/elementor/assets/lib/font-awesome/webfonts/fa-brands-400d41d.eot]
[livewp.site/wp/md/clengo/wp-content/plugins/elementor/assets/lib/font-awesome/webfonts/fa-brands-400.woff2]
[livewp.site/wp/md/clengo/wp-content/plugins/elementor/assets/lib/font-awesome/webfonts/fa-brands-400.woff]
[livewp.site/wp/md/clengo/wp-content/plugins/elementor/assets/lib/font-awesome/webfonts/fa-brands-400.ttf]
[livewp.site/wp/md/clengo/wp-content/plugins/elementor/assets/lib/font-awesome/webfonts/fa-brands-400.svg]
[livewp.site/wp/md/clengo/wp-content/plugins/elementor/assets/lib/font-awesome/webfonts/fa-regular-400.eot]
[livewp.site/wp/md/clengo/wp-content/plugins/elementor/assets/lib/font-awesome/webfonts/fa-regular-400d41d.eot]
[livewp.site/wp/md/clengo/wp-content/plugins/elementor/assets/lib/font-awesome/webfonts/fa-regular-400.woff2]
[livewp.site/wp/md/clengo/wp-content/plugins/elementor/assets/lib/font-awesome/webfonts/fa-regular-400.woff]
[livewp.site/wp/md/clengo/wp-content/plugins/elementor/assets/lib/font-awesome/webfonts/fa-regular-400.ttf]
[livewp.site/wp/md/clengo/wp-content/plugins/elementor/assets/lib/font-awesome/webfonts/fa-regular-400.svg]
[livewp.site/wp/md/clengo/wp-content/plugins/elementor/assets/lib/font-awesome/webfonts/fa-solid-900.eot]
[livewp.site/wp/md/clengo/wp-content/plugins/elementor/assets/lib/font-awesome/webfonts/fa-solid-900d41d.eot]
[livewp.site/wp/md/clengo/wp-content/plugins/elementor/assets/lib/font-awesome/webfonts/fa-solid-900.woff2]
[livewp.site/wp/md/clengo/wp-content/plugins/elementor/assets/lib/font-awesome/webfonts/fa-solid-900.woff]
[livewp.site/wp/md/clengo/wp-content/plugins/elementor/assets/lib/font-awesome/webfonts/fa-solid-900.ttf]
[livewp.site/wp/md/clengo/wp-content/plugins/elementor/assets/lib/font-awesome/css/all.mina1c3.css]
[livewp.site/wp/md/clengo/wp-content/plugins/elementor/assets/lib/font-awesome/css/v4-shims.mina1c3.css]
[livewp.site/wp/md/clengo/wp-content/plugins/elementor/assets/lib/font-awesome/webfonts/fa-solid-900.svg]
[livewp.site/wp/md/clengo/wp-content/uploads/sites/61/2019/06/home_bg_03.png]
[livewp.site/wp/md/clengo/wp-content/uploads/sites/61/2019/04/price_bg_01.png]
[livewp.site/wp/md/clengo/wp-content/uploads/sites/61/2019/04/price_bg_03.png]
[livewp.site/wp/md/clengo/wp-content/uploads/sites/61/2019/04/price_bg_02.png]
[livewp.site/wp/md/clengo/wp-content/uploads/sites/61/2019/04/home_bg_2.png]
[livewp.site/wp/md/clengo/wp-content/uploads/sites/61/elementor/css/post-37739b.css]
[livewp.site/wp/md/clengo/wp-content/themes/clengo/style8daf.css]
[livewp.site/wp/md/clengo/wp-content/themes/clengo/fonts/theme-font/Flaticon.eot]
[livewp.site/wp/md/clengo/wp-content/themes/clengo/fonts/theme-font/Flaticond41d.eot]
[livewp.site/wp/md/clengo/wp-content/themes/clengo/fonts/theme-font/Flaticon.woff]
[livewp.site/wp/md/clengo/wp-content/themes/clengo/fonts/theme-font/Flaticon.ttf]
[livewp.site/wp/md/clengo/wp-content/themes/clengo/fonts/theme-font/theme_icon3781.css]
[livewp.site/wp/md/clengo/wp-content/plugins/woocommerce/assets/css/select25125.css]
[livewp.site/wp/md/clengo/wp-content/themes/clengo/fonts/theme-font/Flaticon.svg]
[livewp.site/wp/md/clengo/wp-content/themes/clengo/img/icons/blockquote.png]
[livewp.site/wp/md/clengo/wp-content/themes/clengo/img/icons/link.png]
[livewp.site/wp/md/clengo/wp-content/themes/clengo/img/icons/camera.png]
[livewp.site/wp/md/clengo/wp-content/themes/clengo/img/icons/video.png]
[livewp.site/wp/md/clengo/wp-content/themes/clengo/img/icons/text.png]
[livewp.site/wp/md/clengo/wp-content/themes/clengo/img/rev_arrows.png]
[livewp.site/wp/md/clengo/wp-content/themes/clengo/img/rev_arrows_dark.png]
[livewp.site/wp/md/clengo/wp-content/themes/clengo/css/theme8daf.css]
[livewp.site/wp/md/clengo/wp-content/themes/clengo/css/base-elementor8daf.css]
[livewp.site/wp/md/clengo/wp-content/themes/clengo/css/photo_modules8daf.css]
[livewp.site/wp/md/clengo/wp-content/themes/clengo/css/responsive8daf.css]
[livewp.site/wp/md/clengo/wp-content/themes/clengo/img/swipebox/preloader.svg]
[livewp.site/wp/md/clengo/wp-content/uploads/sites/61/elementor/css/post-7723230.css]
[livewp.site/wp/md/clengo/wp-json/wp/v2/pages/772.json]
[livewp.site/wp/md/clengo/wp-json/oembed/1.0/embed7c23.json]
[livewp.site/wp/md/clengo/wp-json/oembed/1.0/embed696f]
[livewp.site/wp/md/clengo/wp-content/uploads/sites/61/2019/04/project_01-800x800.jpg]
[livewp.site/wp/md/clengo/cart/index.html]
[livewp.site/wp/md/clengo/projects/index78c7.html]
[livewp.site/wp/md/clengo/projects/indexc68a.html]
[livewp.site/wp/md/clengo/wp-content/uploads/sites/61/2019/04/project_02-400x400.jpg]
[livewp.site/wp/md/clengo/wp-content/uploads/sites/61/2019/04/project_03-400x400.jpg]
[livewp.site/wp/md/clengo/projects/index749e.html]
[livewp.site/wp/md/clengo/wp-content/uploads/sites/61/2019/04/project_4-800x400.jpg]
[livewp.site/wp/md/clengo/projects/index5b1d.html]
[livewp.site/wp/md/clengo/wp-content/uploads/sites/61/2019/04/project_05-400x400.jpg]
[livewp.site/wp/md/clengo/portfolio/relocation-assistance/index.html]
[livewp.site/wp/md/clengo/wp-content/uploads/sites/61/2019/04/project_09-400x400.jpg]
[livewp.site/wp/md/clengo/wp-content/uploads/sites/61/2019/04/project_08-800x800.jpg]
[livewp.site/wp/md/clengo/portfolio/carpet-cleaning/index.html]
[livewp.site/wp/md/clengo/wp-content/uploads/sites/61/2019/04/project_10-800x400.jpg]
[livewp.site/wp/md/clengo/projects/index.html]
[livewp.site/wp/md/clengo/portfolio/garden-cleaning/index.html]
[livewp.site/wp/md/clengo/portfolio/furniture-polishing/index.html]
[livewp.site/wp/md/clengo/wp-content/uploads/sites/61/elementor/css/post-74897b3.css]
[livewp.site/wp/md/clengo/wp-json/oembed/1.0/embedbe04.json]
[livewp.site/wp/md/clengo/wp-json/oembed/1.0/embed1f90]
[livewp.site/wp/md/clengo/wp-content/uploads/sites/61/2019/04/project_img_01.jpg]
[livewp.site/wp/md/clengo/wp-content/uploads/sites/61/2019/04/project_img_02.jpg]
[livewp.site/wp/md/clengo/wp-content/uploads/sites/61/2019/04/project_img_03.jpg]
[livewp.site/wp/md/clengo/wp-content/uploads/sites/61/2019/04/icon_34.png]
[livewp.site/wp/md/clengo/wp-content/uploads/sites/61/2019/04/icon_35.png]
[livewp.site/wp/md/clengo/wp-content/uploads/sites/61/2019/04/icon_36.png]
[livewp.site/wp/md/clengo/wp-content/uploads/sites/61/2019/04/project_img_4.jpg]
[livewp.site/wp/md/clengo/portfolio/bathroom-cleaning/index.html]
[livewp.site/wp/md/clengo/wp-content/uploads/sites/61/elementor/css/post-743dc97.css]
[livewp.site/wp/md/clengo/wp-json/oembed/1.0/embed8cd1.json]
[livewp.site/wp/md/clengo/wp-json/oembed/1.0/embed6681]
[livewp.site/wp/md/clengo/wp-content/uploads/sites/61/2019/04/banner.jpg]
[livewp.site/wp/md/clengo/portfolio/house-cleaning/index.html]
[livewp.site/wp/md/clengo/wp-content/uploads/sites/61/elementor/css/post-689cce6.css]
[livewp.site/wp/md/clengo/portfolio-tag/clean/index.html]
[livewp.site/wp/md/clengo/portfolio-tag/carpet/index.html]
[livewp.site/wp/md/clengo/portfolio-tag/house/index.html]
[livewp.site/wp/md/clengo/wp-json/oembed/1.0/embed470f.json]
[livewp.site/wp/md/clengo/portfolio-tag/cleaning/index.html]
[livewp.site/wp/md/clengo/portfolio-tag/wash/index.html]
[livewp.site/wp/md/clengo/portfolio-tag/window/index.html]
[livewp.site/wp/md/clengo/wp-json/oembed/1.0/embed916b]
[livewp.site/wp/md/clengo/portfolio/cleaning-of-the-apartment/index.html]
[livewp.site/wp/md/clengo/wp-content/plugins/gt3-themes-core/dist/css/widgets/gt3-core-piechart552e.css]
[livewp.site/wp/md/clengo/wp-content/plugins/gt3-themes-core/dist/css/widgets/gt3-core-team552e.css]
[livewp.site/wp/md/clengo/wp-content/uploads/sites/61/elementor/css/post-32370ed.css]
[livewp.site/wp/md/clengo/wp-json/wp/v2/pages/323.json]
[livewp.site/wp/md/clengo/wp-json/oembed/1.0/embede4bd.json]
[livewp.site/wp/md/clengo/wp-json/oembed/1.0/embed83ff]
[livewp.site/wp/md/clengo/wp-content/uploads/sites/61/2019/04/about_img_01.jpg]
[livewp.site/wp/md/clengo/wp-content/uploads/sites/61/2019/04/about_img_02.jpg]
[livewp.site/wp/md/clengo/wp-content/uploads/sites/61/2019/04/icon_11.png]
[livewp.site/wp/md/clengo/wp-content/uploads/sites/61/2019/04/about_img_04.jpg]
[livewp.site/wp/md/clengo/wp-content/uploads/sites/61/2019/04/icon_12.png]
[livewp.site/wp/md/clengo/wp-content/uploads/sites/61/2019/04/about_img_03.jpg]
[livewp.site/wp/md/clengo/wp-content/uploads/sites/61/2019/03/Sandra_Miller-540x552.jpg]
[livewp.site/wp/md/clengo/wp-content/uploads/sites/61/2019/03/Anna_Green-540x552.jpg]
[livewp.site/wp/md/clengo/wp-content/uploads/sites/61/2019/03/Lusi-Snow-540x552.jpg]
[livewp.site/wp/md/clengo/wp-content/uploads/sites/61/2019/03/Nata_Forest-540x552.jpg]
[livewp.site/wp/md/clengo/wp-content/uploads/sites/61/2019/04/Jennifer-Lee-210x210.jpg]
[livewp.site/wp/md/clengo/wp-content/uploads/sites/61/2019/04/Anna-Run.jpg-210x210.jpg]
[livewp.site/wp/md/clengo/wp-content/plugins/gt3-themes-core/dist/js/widgets/gt3-core-piechartaadf.js]
[livewp.site/wp/md/clengo/wp-content/plugins/gt3-themes-core/core/elementor/assets/js/circle-progress.min609c.js]
[livewp.site/wp/md/clengo/wp-content/plugins/gt3-themes-core/dist/js/widgets/gt3-core-teamaadf.js]
[livewp.site/wp/md/clengo/about-us/index.html]
[livewp.site/wp/md/clengo/wp-content/uploads/sites/61/elementor/css/post-2978d1e.css]
[livewp.site/wp/md/clengo/wp-json/wp/v2/pages/297.json]
[livewp.site/wp/md/clengo/wp-json/oembed/1.0/embed65f0.json]
[livewp.site/wp/md/clengo/wp-json/oembed/1.0/embedae9d]
[livewp.site/wp/md/clengo/wp-content/uploads/sites/61/2019/04/team_img_01.jpg]
[livewp.site/wp/md/clengo/wp-content/uploads/sites/61/2019/03/Sandra_Miller-740x757.jpg]
[livewp.site/wp/md/clengo/wp-content/uploads/sites/61/2019/03/Anna_Green-740x757.jpg]
[livewp.site/wp/md/clengo/wp-content/uploads/sites/61/2019/03/Lusi-Snow-740x757.jpg]
[livewp.site/wp/md/clengo/wp-content/uploads/sites/61/2019/03/Nata_Forest-740x757.jpg]
[livewp.site/wp/md/clengo/wp-content/uploads/sites/61/2019/03/Tonny-_Shark-740x757.jpg]
[livewp.site/wp/md/clengo/wp-content/uploads/sites/61/2019/03/Ron_James-740x757.jpg]
[livewp.site/wp/md/clengo/our-team/index.html]
[livewp.site/wp/md/clengo/wp-content/uploads/sites/61/elementor/css/post-535c46d.css]
[livewp.site/wp/md/clengo/wp-json/wp/v2/pages/535.json]
[livewp.site/wp/md/clengo/wp-json/oembed/1.0/embed601f.json]
[livewp.site/wp/md/clengo/wp-json/oembed/1.0/embed0ec9]
[livewp.site/wp/md/clengo/wp-content/uploads/sites/61/2019/04/icon_13.png]
[livewp.site/wp/md/clengo/wp-content/uploads/sites/61/2019/04/icon_14.png]
[livewp.site/wp/md/clengo/wp-content/uploads/sites/61/2019/04/icon_15.png]
[livewp.site/wp/md/clengo/wp-content/uploads/sites/61/2019/04/icon_16.png]
[livewp.site/wp/md/clengo/wp-content/uploads/sites/61/2019/04/icon_17.png]
[livewp.site/wp/md/clengo/wp-content/uploads/sites/61/2019/04/icon_18.png]
[livewp.site/wp/md/clengo/wp-content/uploads/sites/61/2019/04/services_img_01.jpg]
[livewp.site/wp/md/clengo/wp-content/uploads/sites/61/2019/04/services_img_02.jpg]
[livewp.site/wp/md/clengo/wp-content/uploads/sites/61/2019/04/icon_25.png]
[livewp.site/wp/md/clengo/wp-content/uploads/sites/61/2019/04/icon_26.png]
[livewp.site/wp/md/clengo/wp-content/uploads/sites/61/2019/04/icon_27.png]
[livewp.site/wp/md/clengo/wp-content/uploads/sites/61/2019/04/icon_28.png]
[livewp.site/wp/md/clengo/wp-content/uploads/sites/61/2019/04/icon_29.png]
[livewp.site/wp/md/clengo/wp-content/uploads/sites/61/2019/04/icon_30.png]
[livewp.site/wp/md/clengo/wp-content/uploads/sites/61/2019/04/icon_31.png]
[livewp.site/wp/md/clengo/wp-content/uploads/sites/61/2019/04/icon_32.png]
[livewp.site/wp/md/clengo/wp-content/uploads/sites/61/2019/04/icon_33.png]
[livewp.site/wp/md/clengo/our-services/index.html]
[livewp.site/wp/md/clengo/wp-content/uploads/sites/61/elementor/css/post-919960f.css]
[livewp.site/wp/md/clengo/wp-json/wp/v2/pages/919.json]
[livewp.site/wp/md/clengo/wp-json/oembed/1.0/embedb4c6.json]
[livewp.site/wp/md/clengo/wp-json/oembed/1.0/embeda0bf]
[livewp.site/wp/md/clengo/typography/index.html]
[livewp.site/wp/md/clengo/wp-content/plugins/elementor/assets/lib/font-awesome/css/font-awesome.min1849.css]
[livewp.site/wp/md/clengo/all-products/feed/index.html]
[livewp.site/wp/md/clengo/wp-content/uploads/sites/61/2019/04/Cascade-Complete-Gel-Dishwasher-800x800.jpg]
[livewp.site/wp/md/clengo/all-products/page/2/index.html]
[livewp.site/wp/md/clengo/wp-content/uploads/sites/61/2019/04/Rinse-Aid-800x800.jpg]
[livewp.site/wp/md/clengo/product/cascade-complete-gel-dishwasher/index.html]
[livewp.site/wp/md/clengo/wp-content/uploads/sites/61/2019/04/Dawn-Ultra-Dishwashing-Liquid-Dish-Soap-800x800.jpg]
[livewp.site/wp/md/clengo/all-products/indexac4e.html]
[livewp.site/wp/md/clengo/wp-content/uploads/sites/61/2019/04/Febreze-FABRIC-Refresher-800x800.jpg]
[livewp.site/wp/md/clengo/all-products/index719b.html]
[livewp.site/wp/md/clengo/product/cascade-platinum-dishwasher-rinse-aid/index.html]
[livewp.site/wp/md/clengo/wp-content/uploads/sites/61/2019/04/Great-Value-Automatic-Dishwasher-Pacs-800x800.jpg]
[livewp.site/wp/md/clengo/product/dawn-ultra-dishwashing-liquid-dish-soap/index.html]
[livewp.site/wp/md/clengo/all-products/indexf8ef.html]
[livewp.site/wp/md/clengo/wp-content/uploads/sites/61/2019/04/Liquid-Plumr-800x800.jpg]
[livewp.site/wp/md/clengo/product/febreze-fabric-refresher/index.html]
[livewp.site/wp/md/clengo/all-products/indexd0ed.html]
[livewp.site/wp/md/clengo/wp-content/uploads/sites/61/2019/04/Lysol-Disinfectant-Spray-800x800.jpg]
[livewp.site/wp/md/clengo/product/great-value-automatic-dishwasher-pacs/index.html]
[livewp.site/wp/md/clengo/all-products/indexdc24.html]
[livewp.site/wp/md/clengo/product/liquid-plumr-pro-strength-full-clog/index.html]
[livewp.site/wp/md/clengo/wp-content/uploads/sites/61/2019/04/Disinfecting-Wipes-800x800.jpg]
[livewp.site/wp/md/clengo/all-products/index7a57.html]
[livewp.site/wp/md/clengo/wp-content/uploads/sites/61/2019/04/Multi-Purpose-Cleaner-800x800.jpg]
[livewp.site/wp/md/clengo/all-products/index.html]
[livewp.site/wp/md/clengo/product/lysol-disinfectant-spray/index.html]
[livewp.site/wp/md/clengo/all-products/index684d.html]
[livewp.site/wp/md/clengo/product/lysol-disinfecting-wipes/index.html]
[livewp.site/wp/md/clengo/all-products/index02d1.html]
[livewp.site/wp/md/clengo/all-products/index62cf.html]
[livewp.site/wp/md/clengo/wp-content/plugins/woocommerce/assets/css/photoswipe/photoswipe.min5125.css]
[livewp.site/wp/md/clengo/product/mr-clean-liquid-multi-purpose-cleaner/feed/index.html]
[livewp.site/wp/md/clengo/wp-content/plugins/woocommerce/assets/css/photoswipe/default-skin/default-skin.min5125.css]
[livewp.site/wp/md/clengo/wp-json/wp/v2/product/1432.json]
[livewp.site/wp/md/clengo/wp-json/oembed/1.0/embedf35f.json]
[livewp.site/wp/md/clengo/wp-json/oembed/1.0/embed2aeb]
[livewp.site/wp/md/clengo/wp-content/uploads/sites/61/2019/04/Multi-Purpose-Cleaner.jpg]
[livewp.site/wp/md/clengo/wp-content/uploads/sites/61/2019/04/Multi-Purpose-Cleaner-1200x1200.jpg]
[livewp.site/wp/md/clengo/wp-content/plugins/woocommerce/assets/js/zoom/jquery.zoom.min0e21.js]
[livewp.site/wp/md/clengo/wp-content/plugins/woocommerce/assets/js/flexslider/jquery.flexslider.min5db1.js]
[livewp.site/wp/md/clengo/product-category/multi-purpose-cleaner/index.html]
[livewp.site/wp/md/clengo/wp-content/plugins/woocommerce/assets/js/photoswipe/photoswipe.min3cd1.js]
[livewp.site/wp/md/clengo/wp-content/plugins/woocommerce/assets/js/photoswipe/photoswipe-ui-default.min3cd1.js]
[livewp.site/wp/md/clengo/wp-content/plugins/woocommerce/assets/js/frontend/single-product.min5125.js]
[livewp.site/wp/md/clengo/product/mr-clean-liquid-multi-purpose-cleaner/index.html]
[livewp.site/wp/md/clengo/wp-json/wp/v2/pages/1249.json]
[livewp.site/wp/md/clengo/wp-json/oembed/1.0/embed724c.json]
[livewp.site/wp/md/clengo/wp-json/oembed/1.0/embedd78b]
[livewp.site/wp/md/clengo/wp-content/uploads/sites/61/2019/04/project_10.jpg]
[livewp.site/wp/md/clengo/wp-content/uploads/sites/61/2019/04/Clean-Out-The-Refrigerator_02-1170x950.jpg]
[livewp.site/wp/md/clengo/author/wpeditor/index.html]
[livewp.site/wp/md/clengo/2022/04/04/easy-ways-to-get-your-junk-drawer-under-control/index.html]
[livewp.site/wp/md/clengo/2022/04/04/carpet-cleaning/index.html]
[livewp.site/wp/md/clengo/2022/04/04/clean-out-the-refrigerator/index.html]
[livewp.site/wp/md/clengo/fullwidth-blog/page/2/index.html]
[livewp.site/wp/md/clengo/wp-content/themes/clengo/js/slick.minee8b.js]
[livewp.site/wp/md/clengo/fullwidth-blog/index.html]
[livewp.site/wp/md/clengo/wp-json/wp/v2/pages/1252.json]
[livewp.site/wp/md/clengo/wp-json/oembed/1.0/embed49a8.json]
[livewp.site/wp/md/clengo/wp-json/oembed/1.0/embed7d41]
[livewp.site/wp/md/clengo/wp-content/uploads/sites/61/2019/04/Clean-Out-The-Refrigerator_02-1170x700.jpg]
[livewp.site/wp/md/clengo/wp-content/uploads/sites/61/2019/04/Five-Tips-For-Spring-Cleaning-150x150-140x140.jpg]
[livewp.site/wp/md/clengo/category/windows-cleaning/index.html]
[livewp.site/wp/md/clengo/category/furniture-polish/index.html]
[livewp.site/wp/md/clengo/category/cleaning-the-apartment/index.html]
[livewp.site/wp/md/clengo/wp-content/uploads/sites/61/2019/04/Provide-office-hygiene-150x150-140x140.jpg]
[livewp.site/wp/md/clengo/category/carpet-cleaning/index.html]
[livewp.site/wp/md/clengo/category/cleaning-the-house/index.html]
[livewp.site/wp/md/clengo/wp-content/uploads/sites/61/2019/04/project_10-150x150-140x140.jpg]
[livewp.site/wp/md/clengo/blog-with-left-sidebar/index.html]
[livewp.site/wp/md/clengo/category/bathroom-cleaning/index.html]
[livewp.site/wp/md/clengo/category/help-with-relocation/index.html]
[livewp.site/wp/md/clengo/blog-with-left-sidebar/page/2/index.html]
[livewp.site/wp/md/clengo/tag/carpet/index.html]
[livewp.site/wp/md/clengo/tag/clean/index.html]
[livewp.site/wp/md/clengo/tag/cleaning/index.html]
[livewp.site/wp/md/clengo/tag/wash/index.html]
[livewp.site/wp/md/clengo/tag/house/index.html]
[livewp.site/wp/md/clengo/tag/window/index.html]
[livewp.site/wp/md/clengo/wp-json/wp/v2/pages/1255.json]
[livewp.site/wp/md/clengo/wp-json/oembed/1.0/embedc30e.json]
[livewp.site/wp/md/clengo/wp-json/oembed/1.0/embed5c51]
[livewp.site/wp/md/clengo/blog-with-right-sidebar/index.html]
[livewp.site/wp/md/clengo/wp-json/wp/v2/pages/1259.json]
[livewp.site/wp/md/clengo/blog-with-right-sidebar/page/2/index.html]
[livewp.site/wp/md/clengo/wp-json/oembed/1.0/embed1c2b.json]
[livewp.site/wp/md/clengo/wp-json/oembed/1.0/embedf002]
[livewp.site/wp/md/clengo/blog-masonry/index.html]
[livewp.site/wp/md/clengo/wp-content/uploads/sites/61/elementor/css/post-11666418.css]
[livewp.site/wp/md/clengo/2022/04/04/ensure-hygiene-at-the-office/feed/index.html]
[livewp.site/wp/md/clengo/wp-json/wp/v2/posts/1166.json]
[livewp.site/wp/md/clengo/blog-masonry/page/2/index.html]
[livewp.site/wp/md/clengo/wp-json/oembed/1.0/embedd0a5.json]
[livewp.site/wp/md/clengo/wp-json/oembed/1.0/embedb573]
[livewp.site/wp/md/clengo/wp-content/uploads/sites/61/2019/04/blog_content_img.jpg]
[livewp.site/wp/md/clengo/wp-content/uploads/sites/61/2019/04/Five-Tips-For-Spring-Cleaning-500x375.jpg]
[livewp.site/wp/md/clengo/wp-content/uploads/sites/61/2019/04/project_10-500x375.jpg]
[livewp.site/wp/md/clengo/2022/04/04/ensure-hygiene-at-the-office/index.html]
[livewp.site/wp/md/clengo/wp-content/uploads/sites/61/elementor/css/post-953796b.css]
[livewp.site/wp/md/clengo/2022/04/04/quote-post/feed/index.html]
[livewp.site/wp/md/clengo/wp-json/wp/v2/posts/953.json]
[livewp.site/wp/md/clengo/wp-json/oembed/1.0/embed08b3.json]
[livewp.site/wp/md/clengo/wp-json/oembed/1.0/embed68b5]
[livewp.site/wp/md/clengo/wp-content/uploads/sites/61/2019/04/Provide-office-hygiene-500x375.jpg]
[livewp.site/wp/md/clengo/2022/04/04/quote-post/index.html]
[livewp.site/wp/md/clengo/wp-content/uploads/sites/61/elementor/css/post-896eddc.css]
[livewp.site/wp/md/clengo/2022/04/04/five-tips-for-spring-cleaning/feed/index.html]
[livewp.site/wp/md/clengo/wp-json/wp/v2/posts/896.json]
[livewp.site/wp/md/clengo/wp-json/oembed/1.0/embed1368.json]
[livewp.site/wp/md/clengo/wp-json/oembed/1.0/embed61c5]
[livewp.site/wp/md/clengo/2022/04/04/five-tips-for-spring-cleaning/index.html]
[livewp.site/wp/md/clengo/wp-content/uploads/sites/61/elementor/css/post-852325d.css]
[livewp.site/wp/md/clengo/wp-json/wp/v2/pages/852.json]
[livewp.site/wp/md/clengo/wp-json/oembed/1.0/embed992e.json]
[livewp.site/wp/md/clengo/wp-json/oembed/1.0/embed146e]
[livewp.site/wp/md/clengo/wp-content/uploads/sites/61/2019/04/icon_37.png]
[livewp.site/wp/md/clengo/wp-content/uploads/sites/61/2019/04/icon_38.png]
[livewp.site/wp/md/clengo/wp-content/uploads/sites/61/2019/04/icon_39.png]
[livewp.site/wp/md/clengo/contacts/index.html]
[livewp.site/wp/md/clengo/wp-content/uploads/sites/61/elementor/css/post-8344a92.css]
[livewp.site/wp/md/clengo/wp-json/wp/v2/pages/834.json]
[livewp.site/wp/md/clengo/wp-json/oembed/1.0/embed5122.json]
[livewp.site/wp/md/clengo/wp-json/oembed/1.0/embed3c41]
[livewp.site/wp/md/clengo/contact-us/index.html]
[livewp.site/wp/md/clengo/wp-content/uploads/sites/61/elementor/css/post-7579a10.css]
[livewp.site/wp/md/clengo/wp-json/oembed/1.0/embedc386.json]
[livewp.site/wp/md/clengo/wp-json/oembed/1.0/embed12b5]
[livewp.site/wp/md/clengo/portfolio/window-cleaning/index.html]
[livewp.site/wp/md/clengo/wp-content/uploads/sites/61/elementor/css/post-82685f7.css]
[livewp.site/wp/md/clengo/wp-json/oembed/1.0/embed1673.json]
[livewp.site/wp/md/clengo/wp-json/oembed/1.0/embedf49f]
[livewp.site/wp/md/clengo/portfolio/carpet-cleaning-2/index.html]
[livewp.site/wp/md/clengo/wp-content/uploads/sites/61/elementor/css/post-115485f7.css]
[livewp.site/wp/md/clengo/portfolio/furniture-polishing-2/index.html]
[livewp.site/wp/md/clengo/wp-json/oembed/1.0/embeddfee.json]
[livewp.site/wp/md/clengo/wp-json/oembed/1.0/embed59de]
[livewp.site/wp/md/clengo/portfolio/cleaning-of-a-dwelling/index.html]
[livewp.site/wp/md/clengo/wp-content/uploads/sites/61/elementor/css/post-9558f42.css]
[livewp.site/wp/md/clengo/2022/04/04/stainless-steel-cleaning-repair/feed/index.html]
[livewp.site/wp/md/clengo/wp-json/wp/v2/posts/955.json]
[livewp.site/wp/md/clengo/portfolio/window-cleaning-2/index.html]
[livewp.site/wp/md/clengo/wp-json/oembed/1.0/embed84a6.json]
[livewp.site/wp/md/clengo/wp-json/oembed/1.0/embed2463]
[livewp.site/wp/md/clengo/2022/04/04/stainless-steel-cleaning-repair/index.html]
[livewp.site/wp/md/clengo/wp-content/plugins/elementor/assets/lib/animations/animations.mina1c3.css]
[livewp.site/wp/md/clengo/wp-content/plugins/revslider/public/assets/fonts/revicons/revicons90c6.eot]
[livewp.site/wp/md/clengo/wp-content/plugins/revslider/public/assets/fonts/revicons/revicons90c6.woff]
[livewp.site/wp/md/clengo/2022/04/04/emergency-cleaning-tips-for-your-big-day/index.html]
[livewp.site/wp/md/clengo/wp-content/plugins/revslider/public/assets/fonts/revicons/revicons90c6.ttf]
[livewp.site/wp/md/clengo/wp-content/plugins/revslider/public/assets/fonts/revicons/revicons90c6.svg]
[livewp.site/wp/md/clengo/wp-content/plugins/revslider/public/assets/assets/gridtile.png]
[livewp.site/wp/md/clengo/wp-content/plugins/revslider/public/assets/assets/gridtile_white.png]
[livewp.site/wp/md/clengo/wp-content/plugins/revslider/public/assets/assets/gridtile_3x3.png]
[livewp.site/wp/md/clengo/wp-content/plugins/revslider/public/assets/assets/gridtile_3x3_white.png]
[livewp.site/wp/md/clengo/wp-content/plugins/revslider/public/assets/assets/coloredbg.png]
[livewp.site/wp/md/clengo/wp-content/plugins/revslider/public/assets/assets/loader.gif]
[livewp.site/wp/md/clengo/wp-content/plugins/revslider/public/assets/css/rs6627e.css]
[livewp.site/wp/md/clengo/wp-content/plugins/woocommerce/assets/fonts/star.svg]
[livewp.site/wp/md/clengo/wp-content/plugins/woocommerce/assets/fonts/WooCommerce.svg]
[livewp.site/wp/md/clengo/wp-content/plugins/woocommerce/assets/images/icons/loader.svg]
[livewp.site/wp/md/clengo/wp-content/plugins/woocommerce/assets/images/icons/credit-cards/visa.svg]
[livewp.site/wp/md/clengo/wp-content/plugins/woocommerce/assets/images/icons/credit-cards/mastercard.svg]
[livewp.site/wp/md/clengo/wp-content/plugins/woocommerce/assets/images/icons/credit-cards/laser.svg]
[livewp.site/wp/md/clengo/wp-content/plugins/woocommerce/assets/images/icons/credit-cards/diners.svg]
[livewp.site/wp/md/clengo/wp-content/plugins/woocommerce/assets/images/icons/credit-cards/maestro.svg]
[livewp.site/wp/md/clengo/wp-content/plugins/woocommerce/assets/images/icons/credit-cards/jcb.svg]
[livewp.site/wp/md/clengo/wp-content/plugins/woocommerce/assets/images/icons/credit-cards/amex.svg]
[livewp.site/wp/md/clengo/wp-content/plugins/woocommerce/assets/images/icons/credit-cards/discover.svg]
[livewp.site/wp/md/clengo/wp-content/plugins/elementor/assets/lib/eicons/fonts/eiconsb732.svg]
[livewp.site/wp/md/clengo/wp-content/plugins/elementor/assets/lib/font-awesome/webfonts/fa-brands-400.svg]
[livewp.site/wp/md/clengo/wp-content/plugins/elementor/assets/lib/font-awesome/webfonts/fa-regular-400.svg]
[livewp.site/wp/md/clengo/wp-content/plugins/elementor/assets/lib/font-awesome/webfonts/fa-solid-900.svg]
[livewp.site/wp/md/clengo/wp-content/themes/clengo/fonts/theme-font/Flaticon.svg]
[livewp.site/wp/md/clengo/wp-content/themes/clengo/img/swipebox/preloader.svg]
[livewp.site/wp/md/clengo/wp-content/uploads/sites/61/elementor/css/post-7723230.css]
[livewp.site/wp/md/clengo/index3116.html]
[livewp.site/wp/md/clengo/wp-json/wp/v2/pages/1441.json]
[livewp.site/wp/md/clengo/wp-json/oembed/1.0/embed09e6.json]
[livewp.site/wp/md/clengo/wp-json/oembed/1.0/embedf9ca]
[livewp.site/wp/md/clengo/wp-content/plugins/woocommerce/assets/js/frontend/country-select.min5125.js]
[livewp.site/wp/md/clengo/wp-content/plugins/woocommerce/assets/js/frontend/address-i18n.min5125.js]
[livewp.site/wp/md/clengo/wp-content/plugins/woocommerce/assets/js/frontend/cart.min5125.js]
[livewp.site/wp/md/clengo/cart/index.html]
[livewp.site/wp/md/clengo/wp-content/plugins/woocommerce/assets/js/selectWoo/selectWoo.full.min8447.js]
[livewp.site/wp/md/clengo/wp-content/uploads/sites/61/2019/04/project_03-800x800.jpg]
[livewp.site/wp/md/clengo/wp-content/uploads/sites/61/2019/04/project_08-400x400.jpg]
[livewp.site/wp/md/clengo/wp-content/uploads/sites/61/2019/04/project_06-400x400.jpg]
[livewp.site/wp/md/clengo/wp-content/uploads/sites/61/2019/04/project_07-800x400.jpg]
[livewp.site/wp/md/clengo/wp-content/uploads/sites/61/2019/04/project_11-400x400.jpg]
[livewp.site/wp/md/clengo/wp-content/uploads/sites/61/2019/04/project_img_12-400x400.jpg]
[livewp.site/wp/md/clengo/projects/indexc68a.html]
[livewp.site/wp/md/clengo/wp-content/uploads/sites/61/2019/04/project_02-800x800.jpg]
[livewp.site/wp/md/clengo/projects/index749e.html]
[livewp.site/wp/md/clengo/portfolio/cleaning-the-house/index.html]
[livewp.site/wp/md/clengo/wp-content/uploads/sites/61/2019/04/project_4-800x800.jpg]
[livewp.site/wp/md/clengo/projects/index78c7.html]
[livewp.site/wp/md/clengo/wp-content/uploads/sites/61/2019/04/project_10-400x400.jpg]
[livewp.site/wp/md/clengo/wp-content/uploads/sites/61/2019/04/project_07-400x400.jpg]
[livewp.site/wp/md/clengo/wp-content/uploads/sites/61/2019/04/Window-Cleaning-2-800x400.jpg]
[livewp.site/wp/md/clengo/projects/index5b1d.html]
[livewp.site/wp/md/clengo/wp-content/uploads/sites/61/elementor/css/post-7394142.css]
[livewp.site/wp/md/clengo/wp-json/oembed/1.0/embed949c.json]
[livewp.site/wp/md/clengo/wp-json/oembed/1.0/embeda187]
[livewp.site/wp/md/clengo/portfolio/relocation-assistance/index.html]
[livewp.site/wp/md/clengo/wp-content/uploads/sites/61/elementor/css/post-750925b.css]
[livewp.site/wp/md/clengo/wp-json/oembed/1.0/embedee93.json]
[livewp.site/wp/md/clengo/wp-json/oembed/1.0/embeded7d]
[livewp.site/wp/md/clengo/portfolio/carpet-cleaning/index.html]
[livewp.site/wp/md/clengo/wp-content/uploads/sites/61/elementor/css/post-758a558.css]
[livewp.site/wp/md/clengo/wp-json/oembed/1.0/embed3f08.json]
[livewp.site/wp/md/clengo/wp-json/oembed/1.0/embed949c]
[livewp.site/wp/md/clengo/portfolio/garden-cleaning/index.html]
[livewp.site/wp/md/clengo/wp-content/uploads/sites/61/elementor/css/post-7493c61.css]
[livewp.site/wp/md/clengo/wp-json/oembed/1.0/embed5e21.json]
[livewp.site/wp/md/clengo/wp-json/oembed/1.0/embede564]
[livewp.site/wp/md/clengo/portfolio/furniture-polishing/index.html]
[livewp.site/wp/md/clengo/wp-content/uploads/sites/61/elementor/css/post-74897b3.css]
[livewp.site/wp/md/clengo/indexa8fe.html]
[livewp.site/wp/md/clengo/wp-content/uploads/sites/61/elementor/css/post-743dc97.css]
[livewp.site/wp/md/clengo/index2812.html]
[livewp.site/wp/md/clengo/wp-content/plugins/gt3-themes-core/core/elementor/assets/js/core-frontend.js]
[livewp.site/wp/md/clengo/portfolio-tag/carpet/index.html]
[livewp.site/wp/md/clengo/portfolio-tag/clean/index.html]
[livewp.site/wp/md/clengo/portfolio-tag/cleaning/index.html]
[livewp.site/wp/md/clengo/portfolio-tag/house/index.html]
[livewp.site/wp/md/clengo/portfolio-tag/carpet/feed/index.html]
[livewp.site/wp/md/clengo/portfolio-tag/wash/index.html]
[livewp.site/wp/md/clengo/portfolio-tag/clean/feed/index.html]
[livewp.site/wp/md/clengo/portfolio-tag/window/index.html]
[livewp.site/wp/md/clengo/portfolio-tag/house/feed/index.html]
[livewp.site/wp/md/clengo/wp-content/uploads/sites/61/elementor/css/post-689cce6.css]
[livewp.site/wp/md/clengo/index1b7b.html]
[livewp.site/wp/md/clengo/wp-content/plugins/gt3-themes-core/dist/css/widgets/gt3-core-piechart552e.css]
[livewp.site/wp/md/clengo/wp-content/plugins/gt3-themes-core/dist/css/widgets/gt3-core-team552e.css]
[livewp.site/wp/md/clengo/wp-content/uploads/sites/61/elementor/css/post-32370ed.css]
[livewp.site/wp/md/clengo/index3cee.html]
[livewp.site/wp/md/clengo/wp-content/uploads/sites/61/elementor/css/post-2978d1e.css]
[livewp.site/wp/md/clengo/index07ee.html]
[livewp.site/wp/md/clengo/portfolio-tag/cleaning/feed/index.html]
[livewp.site/wp/md/clengo/portfolio-tag/wash/feed/index.html]
[livewp.site/wp/md/clengo/portfolio-tag/window/feed/index.html]
[livewp.site/wp/md/clengo/wp-content/uploads/sites/61/2019/04/icon_19.png]
[livewp.site/wp/md/clengo/wp-content/uploads/sites/61/2019/04/icon_20.png]
[livewp.site/wp/md/clengo/wp-content/uploads/sites/61/2019/04/icon_21.png]
[livewp.site/wp/md/clengo/wp-content/uploads/sites/61/2019/04/icon_22.png]
[livewp.site/wp/md/clengo/wp-content/uploads/sites/61/2019/04/icon_23.png]
[livewp.site/wp/md/clengo/wp-content/uploads/sites/61/2019/04/icon_24.png]
[livewp.site/wp/md/clengo/wp-content/uploads/sites/61/2019/04/services_img_3.jpg]
[livewp.site/wp/md/clengo/wp-content/uploads/sites/61/elementor/css/post-535c46d.css]
[livewp.site/wp/md/clengo/index5ff4.html]
[livewp.site/wp/md/clengo/wp-content/uploads/sites/61/elementor/css/post-919960f.css]
[livewp.site/wp/md/clengo/index6f5e.html]
[livewp.site/wp/md/clengo/wp-content/plugins/elementor/assets/lib/font-awesome/fonts/fontawesome-webfont3e6e.eot]
[livewp.site/wp/md/clengo/wp-content/plugins/elementor/assets/lib/font-awesome/fonts/fontawesome-webfontd41d.eot]
[livewp.site/wp/md/clengo/wp-content/plugins/elementor/assets/lib/font-awesome/fonts/fontawesome-webfont3e6e.woff2]
[livewp.site/wp/md/clengo/wp-content/plugins/elementor/assets/lib/font-awesome/fonts/fontawesome-webfont3e6e.woff]
[livewp.site/wp/md/clengo/wp-content/plugins/elementor/assets/lib/font-awesome/fonts/fontawesome-webfont3e6e.ttf]
[livewp.site/wp/md/clengo/wp-content/plugins/elementor/assets/lib/font-awesome/css/font-awesome.min1849.css]
[livewp.site/wp/md/clengo/wp-content/plugins/elementor/assets/lib/font-awesome/fonts/fontawesome-webfont3e6e.svg]
[livewp.site/wp/md/clengo/wp-content/uploads/sites/61/2019/04/Eraser-Extra-Durable-800x800.jpg]
[livewp.site/wp/md/clengo/product/mr-clean-magic-eraser-extra-durable/index.html]
[livewp.site/wp/md/clengo/all-products/page/2/index9ab7.html]
[livewp.site/wp/md/clengo/product/scrubbing-bubbles-continuous-clean/index.html]
[livewp.site/wp/md/clengo/wp-content/uploads/sites/61/2019/04/Scrubbing-Bubbles-Continuous-Clean-800x800.jpg]
[livewp.site/wp/md/clengo/wp-content/uploads/sites/61/2019/04/Windex-Glass-Cleaner-Refill-800x800.jpg]
[livewp.site/wp/md/clengo/all-products/page/2/index.html]
[livewp.site/wp/md/clengo/wp-json/wp/v2/product/1428.json]
[livewp.site/wp/md/clengo/all-products/page/2/index5ece.html]
[livewp.site/wp/md/clengo/product/windex-glass-cleaner-refill/index.html]
[livewp.site/wp/md/clengo/all-products/page/2/index7f25.html]
[livewp.site/wp/md/clengo/product/cascade-complete-gel-dishwasher/feed/index.html]
[livewp.site/wp/md/clengo/wp-json/oembed/1.0/embed3582.json]
[livewp.site/wp/md/clengo/wp-json/oembed/1.0/embed3ef3]
[livewp.site/wp/md/clengo/wp-content/uploads/sites/61/2019/04/Cascade-Complete-Gel-Dishwasher.jpg]
[livewp.site/wp/md/clengo/wp-content/uploads/sites/61/2019/04/Cascade-Complete-Gel-Dishwasher-1200x1200.jpg]
[livewp.site/wp/md/clengo/product/cascade-complete-gel-dishwasher/index.html]
[livewp.site/wp/md/clengo/all-products/indexac4e.html]
[livewp.site/wp/md/clengo/product-category/dishwasher-pacs/index.html]
[livewp.site/wp/md/clengo/product/cascade-complete-gel-dishwasher/indexdc24.html]
[livewp.site/wp/md/clengo/checkout/index.html]
[livewp.site/wp/md/clengo/cart/indexa157.html]
[livewp.site/wp/md/clengo/product/cascade-platinum-dishwasher-rinse-aid/feed/index.html]
[livewp.site/wp/md/clengo/wp-json/wp/v2/product/1414.json]
[livewp.site/wp/md/clengo/wp-json/oembed/1.0/embed4bd8.json]
[livewp.site/wp/md/clengo/wp-json/oembed/1.0/embed5134]
[livewp.site/wp/md/clengo/wp-content/uploads/sites/61/2019/04/Rinse-Aid.jpg]
[livewp.site/wp/md/clengo/wp-content/uploads/sites/61/2019/04/Rinse-Aid-1200x1200.jpg]
[livewp.site/wp/md/clengo/product/cascade-platinum-dishwasher-rinse-aid/index.html]
[livewp.site/wp/md/clengo/all-products/index719b.html]
[livewp.site/wp/md/clengo/product-category/rinse-aid/index.html]
[livewp.site/wp/md/clengo/wp-json/wp/v2/product/1434.json]
[livewp.site/wp/md/clengo/product/dawn-ultra-dishwashing-liquid-dish-soap/feed/index.html]
[livewp.site/wp/md/clengo/wp-json/oembed/1.0/embed5fd5.json]
[livewp.site/wp/md/clengo/wp-json/oembed/1.0/embedd937]
[livewp.site/wp/md/clengo/wp-content/uploads/sites/61/2019/04/Dawn-Ultra-Dishwashing-Liquid-Dish-Soap.jpg]
[livewp.site/wp/md/clengo/wp-content/uploads/sites/61/2019/04/Dawn-Ultra-Dishwashing-Liquid-Dish-Soap-1200x1200.jpg]
[livewp.site/wp/md/clengo/product/dawn-ultra-dishwashing-liquid-dish-soap/index.html]
[livewp.site/wp/md/clengo/all-products/indexf8ef.html]
[livewp.site/wp/md/clengo/wp-json/wp/v2/product/1422.json]
[livewp.site/wp/md/clengo/product/febreze-fabric-refresher/feed/index.html]
[livewp.site/wp/md/clengo/wp-json/oembed/1.0/embedd0da.json]
[livewp.site/wp/md/clengo/wp-json/oembed/1.0/embedd242]
[livewp.site/wp/md/clengo/product-category/liquid-dish-soap/index.html]
[livewp.site/wp/md/clengo/wp-content/uploads/sites/61/2019/04/Febreze-FABRIC-Refresher.jpg]
[livewp.site/wp/md/clengo/wp-content/uploads/sites/61/2019/04/Febreze-FABRIC-Refresher-1200x1200.jpg]
[livewp.site/wp/md/clengo/product/febreze-fabric-refresher/index.html]
[livewp.site/wp/md/clengo/all-products/indexd0ed.html]
[livewp.site/wp/md/clengo/product-category/febreze-fabric-refresher/index.html]
[livewp.site/wp/md/clengo/wp-json/wp/v2/product/1426.json]
[livewp.site/wp/md/clengo/product/great-value-automatic-dishwasher-pacs/feed/index.html]
[livewp.site/wp/md/clengo/wp-json/oembed/1.0/embed112a.json]
[livewp.site/wp/md/clengo/wp-json/oembed/1.0/embed8ebe]
[livewp.site/wp/md/clengo/wp-content/uploads/sites/61/2019/04/Great-Value-Automatic-Dishwasher-Pacs.jpg]
[livewp.site/wp/md/clengo/wp-content/uploads/sites/61/2019/04/Great-Value-Automatic-Dishwasher-Pacs-1200x1200.jpg]
[livewp.site/wp/md/clengo/product/great-value-automatic-dishwasher-pacs/index.html]
[livewp.site/wp/md/clengo/all-products/indexdc24.html]
[livewp.site/wp/md/clengo/product/liquid-plumr-pro-strength-full-clog/feed/index.html]
[livewp.site/wp/md/clengo/product/great-value-automatic-dishwasher-pacs/indexac4e.html]
[livewp.site/wp/md/clengo/wp-json/wp/v2/product/1424.json]
[livewp.site/wp/md/clengo/wp-json/oembed/1.0/embed79fd.json]
[livewp.site/wp/md/clengo/wp-json/oembed/1.0/embed77da]
[livewp.site/wp/md/clengo/wp-content/uploads/sites/61/2019/04/Liquid-Plumr.jpg]
[livewp.site/wp/md/clengo/wp-content/uploads/sites/61/2019/04/Liquid-Plumr-1200x1200.jpg]
[livewp.site/wp/md/clengo/product/liquid-plumr-pro-strength-full-clog/index.html]
[livewp.site/wp/md/clengo/all-products/index7a57.html]
[livewp.site/wp/md/clengo/product-category/liquid-plumr/index.html]
[livewp.site/wp/md/clengo/wp-json/wp/v2/product/1436.json]
[livewp.site/wp/md/clengo/product/lysol-disinfectant-spray/feed/index.html]
[livewp.site/wp/md/clengo/wp-json/oembed/1.0/embed2124.json]
[livewp.site/wp/md/clengo/wp-json/oembed/1.0/embedd64c]
[livewp.site/wp/md/clengo/wp-content/uploads/sites/61/2019/04/Lysol-Disinfectant-Spray.jpg]
[livewp.site/wp/md/clengo/wp-content/uploads/sites/61/2019/04/Lysol-Disinfectant-Spray-1200x1200.jpg]
[livewp.site/wp/md/clengo/product/lysol-disinfectant-spray/index.html]
[livewp.site/wp/md/clengo/all-products/index684d.html]
[livewp.site/wp/md/clengo/product/lysol-disinfecting-wipes/feed/index.html]
[livewp.site/wp/md/clengo/product-category/uncategorized/index.html]
[livewp.site/wp/md/clengo/wp-json/wp/v2/product/1416.json]
[livewp.site/wp/md/clengo/wp-json/oembed/1.0/embed3567.json]
[livewp.site/wp/md/clengo/wp-json/oembed/1.0/embed3e87]
[livewp.site/wp/md/clengo/wp-content/uploads/sites/61/2019/04/Disinfecting-Wipes.jpg]
[livewp.site/wp/md/clengo/wp-content/uploads/sites/61/2019/04/Disinfecting-Wipes-1200x1200.jpg]
[livewp.site/wp/md/clengo/product/lysol-disinfecting-wipes/index.html]
[livewp.site/wp/md/clengo/all-products/index02d1.html]
[livewp.site/wp/md/clengo/all-products/index62cf.html]
[livewp.site/wp/md/clengo/product-category/disinfecting-wipes/index.html]
[livewp.site/wp/md/clengo/wp-content/plugins/woocommerce/assets/css/photoswipe/default-skin/default-skin.png]
[livewp.site/wp/md/clengo/wp-content/plugins/woocommerce/assets/css/photoswipe/photoswipe.min5125.css]
[livewp.site/wp/md/clengo/wp-content/plugins/woocommerce/assets/css/photoswipe/default-skin/default-skin.svg]
[livewp.site/wp/md/clengo/wp-content/plugins/woocommerce/assets/css/photoswipe/default-skin/preloader.gif]
[livewp.site/wp/md/clengo/wp-content/plugins/woocommerce/assets/css/photoswipe/default-skin/default-skin.min5125.css]
[livewp.site/wp/md/clengo/indexac80.html]
[livewp.site/wp/md/clengo/product-category/multi-purpose-cleaner/index.html]
[livewp.site/wp/md/clengo/index42fb.html]
[livewp.site/wp/md/clengo/wp-json/wp/v2/product_cat/59.json]
[livewp.site/wp/md/clengo/product-category/multi-purpose-cleaner/feed/index.html]
[livewp.site/wp/md/clengo/wp-json/wp/v2/users/257]
[livewp.site/wp/md/clengo/product-category/multi-purpose-cleaner/index62cf.html]
[livewp.site/wp/md/clengo/author/wpeditor/feed/index.html]
[livewp.site/wp/md/clengo/wp-content/uploads/sites/61/2019/04/img_post.jpg]
[livewp.site/wp/md/clengo/wp-content/uploads/sites/61/2019/04/post_with_img.jpg]
[livewp.site/wp/md/clengo/author/wpeditor/index.html]
[livewp.site/wp/md/clengo/2022/04/04/standart-post/index.html]
[livewp.site/wp/md/clengo/wp-content/uploads/sites/61/elementor/css/post-9548088.css]
[livewp.site/wp/md/clengo/2022/04/04/easy-ways-to-get-your-junk-drawer-under-control/feed/index.html]
[livewp.site/wp/md/clengo/wp-json/wp/v2/posts/954.json]
[livewp.site/wp/md/clengo/wp-json/oembed/1.0/embedefa4.json]
[livewp.site/wp/md/clengo/wp-json/oembed/1.0/embed709b]
[livewp.site/wp/md/clengo/2022/04/04/easy-ways-to-get-your-junk-drawer-under-control/index.html]
[livewp.site/wp/md/clengo/wp-content/uploads/sites/61/elementor/css/post-9528088.css]
[livewp.site/wp/md/clengo/2022/04/04/carpet-cleaning/feed/index.html]
[livewp.site/wp/md/clengo/wp-json/wp/v2/posts/952.json]
[livewp.site/wp/md/clengo/wp-json/oembed/1.0/embed8cb3.json]
[livewp.site/wp/md/clengo/wp-json/oembed/1.0/embed9e9b]
[livewp.site/wp/md/clengo/wp-content/uploads/sites/61/2019/04/Stainless-Steel-Cleaning-500x375.jpg]
[livewp.site/wp/md/clengo/wp-content/uploads/sites/61/2019/04/post_with_img-500x375.jpg]
[livewp.site/wp/md/clengo/2022/04/04/carpet-cleaning/index.html]
[livewp.site/wp/md/clengo/wp-content/uploads/sites/61/elementor/css/post-9518088.css]
[livewp.site/wp/md/clengo/2022/04/04/clean-out-the-refrigerator/feed/index.html]
[livewp.site/wp/md/clengo/wp-json/wp/v2/posts/951.json]
[livewp.site/wp/md/clengo/wp-json/oembed/1.0/embed31ae.json]
[livewp.site/wp/md/clengo/wp-json/oembed/1.0/embed65a1]
[livewp.site/wp/md/clengo/2022/04/04/clean-out-the-refrigerator/index.html]
[livewp.site/wp/md/clengo/fullwidth-blog/page/2/index.html]
[livewp.site/wp/md/clengo/indexb09c.html]
[livewp.site/wp/md/clengo/category/windows-cleaning/feed/index.html]
[livewp.site/wp/md/clengo/category/windows-cleaning/index.html]
[livewp.site/wp/md/clengo/wp-json/wp/v2/categories/23.json]
[livewp.site/wp/md/clengo/category/cleaning-the-apartment/index.html]
[livewp.site/wp/md/clengo/wp-json/wp/v2/categories/18.json]
[livewp.site/wp/md/clengo/category/cleaning-the-apartment/feed/index.html]
[livewp.site/wp/md/clengo/category/furniture-polish/index.html]
[livewp.site/wp/md/clengo/wp-json/wp/v2/categories/20.json]
[livewp.site/wp/md/clengo/category/furniture-polish/feed/index.html]
[livewp.site/wp/md/clengo/category/carpet-cleaning/feed/index.html]
[livewp.site/wp/md/clengo/category/carpet-cleaning/index.html]
[livewp.site/wp/md/clengo/wp-json/wp/v2/categories/17.json]
[livewp.site/wp/md/clengo/category/cleaning-the-house/feed/index.html]
[livewp.site/wp/md/clengo/category/cleaning-the-house/index.html]
[livewp.site/wp/md/clengo/blog-with-left-sidebar/page/2/index.html]
[livewp.site/wp/md/clengo/wp-json/wp/v2/categories/19.json]
[livewp.site/wp/md/clengo/category/bathroom-cleaning/index.html]
[livewp.site/wp/md/clengo/wp-json/wp/v2/categories/16.json]
[livewp.site/wp/md/clengo/category/bathroom-cleaning/feed/index.html]
[livewp.site/wp/md/clengo/category/help-with-relocation/index.html]
[livewp.site/wp/md/clengo/wp-json/wp/v2/categories/22.json]
[livewp.site/wp/md/clengo/category/help-with-relocation/feed/index.html]
[livewp.site/wp/md/clengo/tag/carpet/index.html]
[livewp.site/wp/md/clengo/wp-json/wp/v2/tags/24.json]
[livewp.site/wp/md/clengo/tag/carpet/feed/index.html]
[livewp.site/wp/md/clengo/tag/clean/index.html]
[livewp.site/wp/md/clengo/wp-json/wp/v2/tags/25.json]
[livewp.site/wp/md/clengo/tag/clean/feed/index.html]
[livewp.site/wp/md/clengo/tag/cleaning/index.html]
[livewp.site/wp/md/clengo/wp-json/wp/v2/tags/26.json]
[livewp.site/wp/md/clengo/tag/cleaning/feed/index.html]
[livewp.site/wp/md/clengo/tag/house/index.html]
[livewp.site/wp/md/clengo/wp-json/wp/v2/tags/27.json]
[livewp.site/wp/md/clengo/tag/house/feed/index.html]
[livewp.site/wp/md/clengo/tag/wash/index.html]
[livewp.site/wp/md/clengo/wp-json/wp/v2/tags/28.json]
[livewp.site/wp/md/clengo/tag/wash/feed/index.html]
[livewp.site/wp/md/clengo/tag/window/index.html]
[livewp.site/wp/md/clengo/index3eeb.html]
[livewp.site/wp/md/clengo/blog-with-right-sidebar/page/2/index.html]
[livewp.site/wp/md/clengo/index3e59.html]
[livewp.site/wp/md/clengo/blog-masonry/page/2/index.html]
[livewp.site/wp/md/clengo/wp-content/uploads/sites/61/elementor/css/post-11666418.css]
[livewp.site/wp/md/clengo/index7117.html]
[livewp.site/wp/md/clengo/xmlrpc.php]
[livewp.site/wp/md/clengo/wp-content/uploads/sites/61/elementor/css/post-953796b.css]
[livewp.site/wp/md/clengo/index342f.html]
[livewp.site/wp/md/clengo/wp-content/uploads/sites/61/elementor/css/post-896eddc.css]
[livewp.site/wp/md/clengo/indexa290.html]
[livewp.site/wp/md/clengo/wp-content/uploads/sites/61/elementor/css/post-852325d.css]
[livewp.site/wp/md/clengo/index914d.html]
[livewp.site/wp/md/clengo/wp-content/uploads/sites/61/elementor/css/post-8344a92.css]
[livewp.site/wp/md/clengo/indexe9c6.html]
[livewp.site/wp/md/clengo/wp-content/uploads/sites/61/elementor/css/post-7579a10.css]
[livewp.site/wp/md/clengo/index3d1a.html]
[livewp.site/wp/md/clengo/wp-content/uploads/sites/61/elementor/css/post-82685f7.css]
[livewp.site/wp/md/clengo/indexf689.html]
[livewp.site/wp/md/clengo/wp-json/wp/v2/tags/29.json]
[livewp.site/wp/md/clengo/tag/window/feed/index.html]
[livewp.site/wp/md/clengo/wp-content/uploads/sites/61/elementor/css/post-822afc7.css]
[livewp.site/wp/md/clengo/wp-json/oembed/1.0/embedf1af.json]
[livewp.site/wp/md/clengo/wp-json/oembed/1.0/embed0607]
[livewp.site/wp/md/clengo/portfolio/furniture-polishing-2/index.html]
[livewp.site/wp/md/clengo/wp-content/uploads/sites/61/elementor/css/post-115485f7.css]
[livewp.site/wp/md/clengo/indexed87.html]
[livewp.site/wp/md/clengo/wp-content/uploads/sites/61/elementor/css/post-810e4d5.css]
[livewp.site/wp/md/clengo/wp-json/oembed/1.0/embed3d22.json]
[livewp.site/wp/md/clengo/wp-json/oembed/1.0/embed7233]
[livewp.site/wp/md/clengo/portfolio/window-cleaning-2/index.html]
[livewp.site/wp/md/clengo/wp-content/uploads/sites/61/elementor/css/post-9558f42.css]
[livewp.site/wp/md/clengo/index2026.html]
[livewp.site/wp/md/clengo/wp-content/uploads/sites/61/elementor/css/post-9488088.css]
[livewp.site/wp/md/clengo/2022/04/04/emergency-cleaning-tips-for-your-big-day/feed/index.html]
[livewp.site/wp/md/clengo/wp-json/wp/v2/posts/948.json]
[livewp.site/wp/md/clengo/wp-json/oembed/1.0/embed584e.json]
[livewp.site/wp/md/clengo/wp-json/oembed/1.0/embedebd9]
[livewp.site/wp/md/clengo/2022/04/04/emergency-cleaning-tips-for-your-big-day/index.html]
[livewp.site/wp/md/clengo/wp-content/plugins/revslider/public/assets/fonts/revicons/revicons90c6.svg]
[livewp.site/wp/md/clengo/wp-content/plugins/revslider/public/assets/css/openhand.html]
[livewp.site/wp/md/clengo/wp-content/plugins/revslider/public/assets/css/closedhand.html]
[livewp.site/wp/md/clengo/indexcde5.html]
[livewp.site/wp/md/clengo/wp-content/uploads/sites/61/elementor/css/post-815c9e9.css]
[livewp.site/wp/md/clengo/wp-json/oembed/1.0/embed9e5a.json]
[livewp.site/wp/md/clengo/wp-json/oembed/1.0/embed5706]
[livewp.site/wp/md/clengo/portfolio/cleaning-the-house/index.html]
[livewp.site/wp/md/clengo/wp-content/uploads/sites/61/elementor/css/post-7394142.css]
[livewp.site/wp/md/clengo/index5e3b.html]
[livewp.site/wp/md/clengo/wp-content/uploads/sites/61/elementor/css/post-750925b.css]
[livewp.site/wp/md/clengo/index21b4.html]
[livewp.site/wp/md/clengo/wp-content/uploads/sites/61/elementor/css/post-758a558.css]
[livewp.site/wp/md/clengo/indexd4c3.html]
[livewp.site/wp/md/clengo/wp-content/uploads/sites/61/elementor/css/post-7493c61.css]
[livewp.site/wp/md/clengo/index16d5.html]
[livewp.site/wp/md/clengo/wp-content/plugins/elementor/assets/lib/font-awesome/fonts/fontawesome-webfont3e6e.svg]
[livewp.site/wp/md/clengo/all-products/page/1/index.html]
[livewp.site/wp/md/clengo/wp-json/wp/v2/product/1420.json]
[livewp.site/wp/md/clengo/product/mr-clean-magic-eraser-extra-durable/feed/index.html]
[livewp.site/wp/md/clengo/wp-json/oembed/1.0/embed7bfd.json]
[livewp.site/wp/md/clengo/wp-json/oembed/1.0/embed3513]
[livewp.site/wp/md/clengo/wp-content/uploads/sites/61/2019/04/Eraser-Extra-Durable.jpg]
[livewp.site/wp/md/clengo/wp-content/uploads/sites/61/2019/04/Eraser-Extra-Durable-1200x1200.jpg]
[livewp.site/wp/md/clengo/product/mr-clean-magic-eraser-extra-durable/index.html]
[livewp.site/wp/md/clengo/all-products/page/2/index9ab7.html]
[livewp.site/wp/md/clengo/product-category/eraser-extra-durable/index.html]
[livewp.site/wp/md/clengo/product/scrubbing-bubbles-continuous-clean/feed/index.html]
[livewp.site/wp/md/clengo/wp-json/wp/v2/product/1418.json]
[livewp.site/wp/md/clengo/wp-json/oembed/1.0/embed7f2b.json]
[livewp.site/wp/md/clengo/wp-json/oembed/1.0/embeda787]
[livewp.site/wp/md/clengo/wp-content/uploads/sites/61/2019/04/Scrubbing-Bubbles-Continuous-Clean.jpg]
[livewp.site/wp/md/clengo/wp-content/uploads/sites/61/2019/04/Scrubbing-Bubbles-Continuous-Clean-1200x1200.jpg]
[livewp.site/wp/md/clengo/product/scrubbing-bubbles-continuous-clean/index.html]
[livewp.site/wp/md/clengo/all-products/page/2/index7f25.html]
[livewp.site/wp/md/clengo/product-category/bubbles-clean/index.html]
[livewp.site/wp/md/clengo/wp-json/wp/v2/product/1430.json]
[livewp.site/wp/md/clengo/product/windex-glass-cleaner-refill/feed/index.html]
[livewp.site/wp/md/clengo/wp-json/oembed/1.0/embed444d.json]
[livewp.site/wp/md/clengo/wp-json/oembed/1.0/embed8dd2]
[livewp.site/wp/md/clengo/wp-content/uploads/sites/61/2019/04/Windex-Glass-Cleaner-Refill.jpg]
[livewp.site/wp/md/clengo/wp-content/uploads/sites/61/2019/04/Windex-Glass-Cleaner-Refill-1200x1200.jpg]
[livewp.site/wp/md/clengo/product/windex-glass-cleaner-refill/index.html]
[livewp.site/wp/md/clengo/all-products/page/2/index5ece.html]
[livewp.site/wp/md/clengo/index6670.html]
[livewp.site/wp/md/clengo/product-category/dishwasher-pacs/index.html]
[livewp.site/wp/md/clengo/wp-json/wp/v2/product_cat/57.json]
[livewp.site/wp/md/clengo/product-category/windex-glass-cleaner-refill/index.html]
[livewp.site/wp/md/clengo/product/cascade-complete-gel-dishwasher/indexdc24.html]
[livewp.site/wp/md/clengo/cart/indexa157.html]
[livewp.site/wp/md/clengo/product-category/dishwasher-pacs/indexac4e.html]
[livewp.site/wp/md/clengo/product-category/dishwasher-pacs/indexdc24.html]
[livewp.site/wp/md/clengo/product-category/dishwasher-pacs/feed/index.html]
[livewp.site/wp/md/clengo/wp-json/wp/v2/pages/1443.json]
[livewp.site/wp/md/clengo/wp-json/oembed/1.0/embed8778.json]
[livewp.site/wp/md/clengo/wp-json/oembed/1.0/embed8edc]
[livewp.site/wp/md/clengo/wp-content/plugins/woocommerce/assets/js/frontend/checkout.min5125.js]
[livewp.site/wp/md/clengo/checkout/index.html]
[livewp.site/wp/md/clengo/indexe006.html]
[livewp.site/wp/md/clengo/product-category/rinse-aid/index.html]
[livewp.site/wp/md/clengo/cart/index3d14.html]
[livewp.site/wp/md/clengo/index94e7.html]
[livewp.site/wp/md/clengo/wp-json/wp/v2/product_cat/51.json]
[livewp.site/wp/md/clengo/product-category/rinse-aid/index719b.html]
[livewp.site/wp/md/clengo/product-category/rinse-aid/feed/index.html]
[livewp.site/wp/md/clengo/product-category/liquid-dish-soap/feed/index.html]
[livewp.site/wp/md/clengo/product-category/liquid-dish-soap/index.html]
[livewp.site/wp/md/clengo/wp-json/wp/v2/product_cat/60.json]
[livewp.site/wp/md/clengo/cart/index3dbc.html]
[livewp.site/wp/md/clengo/index7bbb.html]
[livewp.site/wp/md/clengo/product-category/febreze-fabric-refresher/index.html]
[livewp.site/wp/md/clengo/wp-json/wp/v2/product_cat/55.json]
[livewp.site/wp/md/clengo/cart/index9d53.html]
[livewp.site/wp/md/clengo/indexde70.html]
[livewp.site/wp/md/clengo/product-category/liquid-dish-soap/indexf8ef.html]
[livewp.site/wp/md/clengo/product/great-value-automatic-dishwasher-pacs/indexac4e.html]
[livewp.site/wp/md/clengo/product-category/febreze-fabric-refresher/indexd0ed.html]
[livewp.site/wp/md/clengo/cart/indexe6ab.html]
[livewp.site/wp/md/clengo/index4e69.html]
[livewp.site/wp/md/clengo/product-category/febreze-fabric-refresher/feed/index.html]
[livewp.site/wp/md/clengo/product-category/liquid-plumr/index.html]
[livewp.site/wp/md/clengo/cart/index74cd.html]
[livewp.site/wp/md/clengo/indexc339.html]
[livewp.site/wp/md/clengo/wp-json/wp/v2/product_cat/56.json]
[livewp.site/wp/md/clengo/product-category/liquid-plumr/feed/index.html]
[livewp.site/wp/md/clengo/product-category/uncategorized/index.html]
[livewp.site/wp/md/clengo/wp-json/wp/v2/product_cat/15.json]
[livewp.site/wp/md/clengo/product-category/liquid-plumr/index7a57.html]
[livewp.site/wp/md/clengo/cart/indexc2e9.html]
[livewp.site/wp/md/clengo/index91e6.html]
[livewp.site/wp/md/clengo/product-category/uncategorized/feed/index.html]
[livewp.site/wp/md/clengo/product-category/uncategorized/index684d.html]
[livewp.site/wp/md/clengo/product-category/disinfecting-wipes/index.html]
[livewp.site/wp/md/clengo/cart/indexd514.html]
[livewp.site/wp/md/clengo/cart/index8ecd.html]
[livewp.site/wp/md/clengo/wp-content/plugins/woocommerce/assets/css/photoswipe/default-skin/default-skin.svg]
[livewp.site/wp/md/clengo/product-category/multi-purpose-cleaner/index62cf.html]
[livewp.site/wp/md/clengo/wp-json/wp/v2/product_cat/52.json]
[livewp.site/wp/md/clengo/wp-json/wp/v2/users/257.json]
[livewp.site/wp/md/clengo/product-category/disinfecting-wipes/index02d1.html]
[livewp.site/wp/md/clengo/product-category/disinfecting-wipes/feed/index.html]
[livewp.site/wp/md/clengo/wp-content/uploads/sites/61/elementor/css/post-9418088.css]
[livewp.site/wp/md/clengo/2022/04/04/standart-post/feed/index.html]
[livewp.site/wp/md/clengo/wp-json/wp/v2/posts/941.json]
[livewp.site/wp/md/clengo/wp-json/oembed/1.0/embeddd65.json]
[livewp.site/wp/md/clengo/wp-json/oembed/1.0/embedc1c5]
[livewp.site/wp/md/clengo/2022/04/04/standart-post/index.html]
[livewp.site/wp/md/clengo/wp-content/uploads/sites/61/elementor/css/post-9548088.css]
[livewp.site/wp/md/clengo/index74e6.html]
[livewp.site/wp/md/clengo/wp-content/uploads/sites/61/elementor/css/post-9528088.css]
[livewp.site/wp/md/clengo/index1025.html]
[livewp.site/wp/md/clengo/wp-content/uploads/sites/61/elementor/css/post-9518088.css]
[livewp.site/wp/md/clengo/index80d6.html]
[livewp.site/wp/md/clengo/wp-content/uploads/sites/61/elementor/css/post-822afc7.css]
[livewp.site/wp/md/clengo/indexaaf8.html]
[livewp.site/wp/md/clengo/wp-content/uploads/sites/61/elementor/css/post-810e4d5.css]
[livewp.site/wp/md/clengo/index7efb.html]
[livewp.site/wp/md/clengo/wp-content/uploads/sites/61/elementor/css/post-9488088.css]
[livewp.site/wp/md/clengo/indexeda8.html]
[livewp.site/wp/md/clengo/wp-content/uploads/sites/61/elementor/css/post-815c9e9.css]
[livewp.site/wp/md/clengo/indexe398.html]
[livewp.site/wp/md/clengo/index6e2d.html]
[livewp.site/wp/md/clengo/product-category/eraser-extra-durable/index.html]
[livewp.site/wp/md/clengo/cart/index32e3.html]
[livewp.site/wp/md/clengo/index6435.html]
[livewp.site/wp/md/clengo/wp-json/wp/v2/product_cat/54.json]
[livewp.site/wp/md/clengo/product-category/eraser-extra-durable/index9ab7.html]
[livewp.site/wp/md/clengo/product-category/eraser-extra-durable/feed/index.html]
[livewp.site/wp/md/clengo/product-category/bubbles-clean/index.html]
[livewp.site/wp/md/clengo/wp-json/wp/v2/product_cat/53.json]
[livewp.site/wp/md/clengo/cart/index23f4.html]
[livewp.site/wp/md/clengo/cart/index38a8.html]
[livewp.site/wp/md/clengo/indexb988.html]
[livewp.site/wp/md/clengo/product-category/bubbles-clean/index7f25.html]
[livewp.site/wp/md/clengo/product-category/bubbles-clean/feed/index.html]
[livewp.site/wp/md/clengo/product-category/windex-glass-cleaner-refill/index.html]
[livewp.site/wp/md/clengo/wp-json/wp/v2/product_cat/58.json]
[livewp.site/wp/md/clengo/product-category/dishwasher-pacs/indexac4e.html]
[livewp.site/wp/md/clengo/product-category/windex-glass-cleaner-refill/index5ece.html]
[livewp.site/wp/md/clengo/product-category/dishwasher-pacs/indexdc24.html]
[livewp.site/wp/md/clengo/indexf351.html]
[livewp.site/wp/md/clengo/product-category/rinse-aid/index719b.html]
[livewp.site/wp/md/clengo/all-products/indexaafe.html]
[livewp.site/wp/md/clengo/cart/index2183.html]
[livewp.site/wp/md/clengo/cart/indexe67f.html]
[livewp.site/wp/md/clengo/product-category/liquid-dish-soap/indexf8ef.html]
[livewp.site/wp/md/clengo/product-category/febreze-fabric-refresher/indexd0ed.html]
[livewp.site/wp/md/clengo/cart/index6f62.html]
[livewp.site/wp/md/clengo/cart/indexc112.html]
[livewp.site/wp/md/clengo/product-category/liquid-plumr/index7a57.html]
[livewp.site/wp/md/clengo/cart/index16d2.html]
[livewp.site/wp/md/clengo/product-category/uncategorized/index684d.html]
[livewp.site/wp/md/clengo/product-category/disinfecting-wipes/index02d1.html]
[livewp.site/wp/md/clengo/cart/index4d3c.html]
[livewp.site/wp/md/clengo/wp-content/uploads/sites/61/elementor/css/post-9418088.css]
[livewp.site/wp/md/clengo/index1426.html]
[livewp.site/wp/md/clengo/product-category/eraser-extra-durable/index9ab7.html]
[livewp.site/wp/md/clengo/all-products/page/2/indexaafe.html]
[livewp.site/wp/md/clengo/cart/index8710.html]
[livewp.site/wp/md/clengo/product-category/bubbles-clean/index7f25.html]
[livewp.site/wp/md/clengo/product-category/windex-glass-cleaner-refill/feed/index.html]
[livewp.site/wp/md/clengo/cart/indexf418.html]
[livewp.site/wp/md/clengo/cart/index8c57.html]
[livewp.site/wp/md/clengo/product-category/windex-glass-cleaner-refill/index5ece.html]
[livewp.site/wp/md/clengo/product/great-value-automatic-dishwasher-pacs/indexaafe.html]
[livewp.site/wp/md/clengo/cart/indexbe63.html]
